| RAM[0] | RAM[1] | RAM[2] |
|      1 |     -1 |      1 |
